<script type="text/javascript">
// <![CDATA[
ss.server('[{"op":"booleanCase","val":"true"},{"op":"scriptTag","val":"&quot;&lt;script&gt;eval(\\&quot;\'evil!\'\\&quot;);&lt;/script&gt;&quot;"},{"op":"objectCase","val":"{&quot;name&quot;:&quot;Thanasis&quot;,&quot;username&quot;:&quot;thanpolas&quot;,&quot;isadork&quot;:true}"},{"op":"oddCase","val":"&quot;a single \' quote to mark \\&quot; and \\&quot;\\&quot; and \\&quot;\\&quot; a back \\\\ run&quot;"}]');
// ]]>
</script>