<script type="text/javascript">
// <![CDATA[
ss.server("[{"op":"udo","val":"{&quot;user_id&quot;:&quot;43710355087728826877&quot;,&quot;first_name&quot;:&quot;than polas'z&quot;,&quot;country&quot;:&quot;US&quot;,&quot;conversations&quot;:0}"}]");
// ]]>
</script>